MAP

	SIZE 480 240
	EXTENT -2.304E7 -4320000.0 1.152E7 1.296E7

	IMAGETYPE PNG24
	IMAGECOLOR 151 183 214

	SYMBOL
  		NAME 'circle-1-1'
  		TYPE pixmap
  		FILLED true
  		IMAGE 'picts/circle-1-1.png'
	END
	
	SYMBOL
  		NAME 'circle-1-2'
  		TYPE pixmap
  		FILLED true
  		IMAGE 'picts/circle-1-2.png'
	END
	
	SYMBOL
  		NAME 'circle-1-3'
  		TYPE pixmap
  		FILLED true
  		IMAGE 'picts/circle-1-3.png'
	END
	
	SYMBOL
  		NAME 'circle-1-4'
  		TYPE pixmap
  		FILLED true
  		IMAGE 'picts/circle-1-4.png'
	END
	
	SYMBOL
  		NAME 'circle-1-5'
  		TYPE pixmap
  		FILLED true
  		IMAGE 'picts/circle-1-5.png'
	END

	SYMBOL
  		NAME 'circle-2-1'
  		TYPE pixmap
  		FILLED true
  		IMAGE 'picts/circle-2-1.png'
	END
	
	SYMBOL
  		NAME 'circle-2-2'
  		TYPE pixmap
  		FILLED true
  		IMAGE 'picts/circle-2-2.png'
	END
	
	SYMBOL
  		NAME 'circle-2-3'
  		TYPE pixmap
  		FILLED true
  		IMAGE 'picts/circle-2-3.png'
	END
	
	SYMBOL
  		NAME 'circle-2-4'
  		TYPE pixmap
  		FILLED true
  		IMAGE 'picts/circle-2-4.png'
	END
	
	SYMBOL
  		NAME 'circle-2-5'
  		TYPE pixmap
  		FILLED true
  		IMAGE 'picts/circle-2-5.png'
	END

	SYMBOL
  		NAME 'circle-3-1'
  		TYPE pixmap
  		FILLED true
  		IMAGE 'picts/circle-3-1.png'
	END
	
	SYMBOL
  		NAME 'circle-3-2'
  		TYPE pixmap
  		FILLED true
  		IMAGE 'picts/circle-3-2.png'
	END
	
	SYMBOL
  		NAME 'circle-3-3'
  		TYPE pixmap
  		FILLED true
  		IMAGE 'picts/circle-3-3.png'
	END
	
	SYMBOL
  		NAME 'circle-3-4'
  		TYPE pixmap
  		FILLED true
  		IMAGE 'picts/circle-3-4.png'
	END
	
	SYMBOL
  		NAME 'circle-3-5'
  		TYPE pixmap
  		FILLED true
  		IMAGE 'picts/circle-3-5.png'
	END

	SYMBOL
  		NAME 'circle-4-1'
  		TYPE pixmap
  		FILLED true
  		IMAGE 'picts/circle-4-1.png'
	END
	
	SYMBOL
  		NAME 'circle-4-2'
  		TYPE pixmap
  		FILLED true
  		IMAGE 'picts/circle-4-2.png'
	END
	
	SYMBOL
  		NAME 'circle-4-3'
  		TYPE pixmap
  		FILLED true
  		IMAGE 'picts/circle-4-3.png'
	END
	
	SYMBOL
  		NAME 'circle-4-4'
  		TYPE pixmap
  		FILLED true
  		IMAGE 'picts/circle-4-4.png'
	END
	
	SYMBOL
  		NAME 'circle-4-5'
  		TYPE pixmap
  		FILLED true
  		IMAGE 'picts/circle-4-5.png'
	END

	SYMBOL
  		NAME 'circle-5-1'
  		TYPE pixmap
  		FILLED true
  		IMAGE 'picts/circle-5-1.png'
	END
	
	SYMBOL
  		NAME 'circle-5-2'
  		TYPE pixmap
  		FILLED true
  		IMAGE 'picts/circle-5-2.png'
	END
	
	SYMBOL
  		NAME 'circle-5-3'
  		TYPE pixmap
  		FILLED true
  		IMAGE 'picts/circle-5-3.png'
	END
	
	SYMBOL
  		NAME 'circle-5-4'
  		TYPE pixmap
  		FILLED true
  		IMAGE 'picts/circle-5-4.png'
	END
	
	SYMBOL
  		NAME 'circle-5-5'
  		TYPE pixmap
  		FILLED true
  		IMAGE 'picts/circle-5-5.png'
	END

	SYMBOL
  		NAME 'number-1-1'
  		TYPE pixmap
  		FILLED true
  		IMAGE 'picts/number-1-1.png'
	END
	
	SYMBOL
  		NAME 'number-1-2'
  		TYPE pixmap
  		FILLED true
  		IMAGE 'picts/number-1-2.png'
	END
	
	SYMBOL
  		NAME 'number-1-3'
  		TYPE pixmap
  		FILLED true
  		IMAGE 'picts/number-1-3.png'
	END
	
	SYMBOL
  		NAME 'number-1-4'
  		TYPE pixmap
  		FILLED true
  		IMAGE 'picts/number-1-4.png'
	END
	
	SYMBOL
  		NAME 'number-1-5'
  		TYPE pixmap
  		FILLED true
  		IMAGE 'picts/number-1-5.png'
	END

	SYMBOL
  		NAME 'number-2-1'
  		TYPE pixmap
  		FILLED true
  		IMAGE 'picts/number-2-1.png'
	END
	
	SYMBOL
  		NAME 'number-2-2'
  		TYPE pixmap
  		FILLED true
  		IMAGE 'picts/number-2-2.png'
	END
	
	SYMBOL
  		NAME 'number-2-3'
  		TYPE pixmap
  		FILLED true
  		IMAGE 'picts/number-2-3.png'
	END
	
	SYMBOL
  		NAME 'number-2-4'
  		TYPE pixmap
  		FILLED true
  		IMAGE 'picts/number-2-4.png'
	END
	
	SYMBOL
  		NAME 'number-2-5'
  		TYPE pixmap
  		FILLED true
  		IMAGE 'picts/number-2-5.png'
	END

	SYMBOL
  		NAME 'number-3-1'
  		TYPE pixmap
  		FILLED true
  		IMAGE 'picts/number-3-1.png'
	END
	
	SYMBOL
  		NAME 'number-3-2'
  		TYPE pixmap
  		FILLED true
  		IMAGE 'picts/number-3-2.png'
	END
	
	SYMBOL
  		NAME 'number-3-3'
  		TYPE pixmap
  		FILLED true
  		IMAGE 'picts/number-3-3.png'
	END
	
	SYMBOL
  		NAME 'number-3-4'
  		TYPE pixmap
  		FILLED true
  		IMAGE 'picts/number-3-4.png'
	END
	
	SYMBOL
  		NAME 'number-3-5'
  		TYPE pixmap
  		FILLED true
  		IMAGE 'picts/number-3-5.png'
	END


	SYMBOL
  		NAME 'number-4-1'
  		TYPE pixmap
  		FILLED true
  		IMAGE 'picts/number-4-1.png'
	END
	
	SYMBOL
  		NAME 'number-4-2'
  		TYPE pixmap
  		FILLED true
  		IMAGE 'picts/number-4-2.png'
	END
	
	SYMBOL
  		NAME 'number-4-3'
  		TYPE pixmap
  		FILLED true
  		IMAGE 'picts/number-4-3.png'
	END
	
	SYMBOL
  		NAME 'number-4-4'
  		TYPE pixmap
  		FILLED true
  		IMAGE 'picts/number-4-4.png'
	END
	
	SYMBOL
  		NAME 'number-4-5'
  		TYPE pixmap
  		FILLED true
  		IMAGE 'picts/number-4-5.png'
	END

LAYER

	NAME Continents
	TYPE POLYGON
	DATA Continents_new
	STATUS ON
	CLASS
		STYLE
			COLOR 242 236 230
			OUTLINECOLOR 150 150 150
		END
	END

END

LAYER
	TRANSPARENCY ALPHA
	TYPE POINT
	STATUS DEFAULT
	FEATURE
		POINTS -6243617.02 4869389.87 END
		TEXT 'New York'
	END
	CLASS
		STYLE
			SYMBOL 'circle-2-1'
		END
		LABEL
			POSITION ur
			TYPE BITMAP
		END
	END
END
LAYER
	TRANSPARENCY ALPHA
	TYPE POINT
	STATUS DEFAULT
	FEATURE
		POINTS -3799030.15 -1600046.62 END
		TEXT 'Bahia'
	END
	CLASS
		STYLE
			SYMBOL 'circle-2-5'
		END
		LABEL
			POSITION ur
			TYPE BITMAP
		END
	END
END
LAYER
	TRANSPARENCY ALPHA
	TYPE POINT
	STATUS DEFAULT
	FEATURE
		POINTS -3750994.7 -1084379.09 END
		TEXT 'Pernambuco'
	END
	CLASS
		STYLE
			SYMBOL 'circle-2-3'
		END
		LABEL
			POSITION ur
			TYPE BITMAP
		END
	END
END
LAYER
	TRANSPARENCY ALPHA
	TYPE POINT
	STATUS DEFAULT
	FEATURE
		POINTS -1617729.55 1631350.01 END
		TEXT 'Sierra Leone'
	END
	CLASS
		STYLE
			SYMBOL 'circle-5-1'
		END
		LABEL
			POSITION ur
			TYPE BITMAP
		END
	END
END

END
